*** FIRM-PAIR DATASET ***

                              The MEANS Procedure

      Variable      Label               N            Mean          Median
      -------------------------------------------------------------------
      datadate_i    Data Date    12913571        15298.27        15705.00
      acctcomp                   12913571      -3.2392328      -1.8330000
      -------------------------------------------------------------------
                                 The SAS System                               10
                                                   10:55 Monday, August 18, 2014

                               The FREQ Procedure

                                            Cumulative    Cumulative
           year    Frequency     Percent     Frequency      Percent
           ---------------------------------------------------------
           1981       53088        0.41         53088         0.41  
           1982       56618        0.44        109706         0.85  
           1983       59208        0.46        168914         1.31  
           1984       94938        0.74        263852         2.04  
           1985      145322        1.13        409174         3.17  
           1986      168938        1.31        578112         4.48  
           1987      220510        1.71        798622         6.18  
           1988      220616        1.71       1019238         7.89  
           1989      229016        1.77       1248254         9.67  
           1990      256643        1.99       1504897        11.65  
           1991      274558        2.13       1779455        13.78  
           1992      276744        2.14       2056199        15.92  
           1993      292840        2.27       2349039        18.19  
           1994      304862        2.36       2653901        20.55  
           1995      345192        2.67       2999093        23.22  
           1996      398255        3.08       3397348        26.31  
           1997      504873        3.91       3902221        30.22  
           1998      507881        3.93       4410102        34.15  
           1999      547546        4.24       4957648        38.39  
           2000      573158        4.44       5530806        42.83  
           2001      593609        4.60       6124415        47.43  
           2002      609344        4.72       6733759        52.14  
           2003      725250        5.62       7459009        57.76  
           2004      744788        5.77       8203797        63.53  
           2005      686827        5.32       8890624        68.85  
           2006      608292        4.71       9498916        73.56  
           2007      559933        4.34      10058849        77.89  
           2008      530731        4.11      10589580        82.00  
           2009      515211        3.99      11104791        85.99  
           2010      482463        3.74      11587254        89.73  
           2011      471952        3.65      12059206        93.38  
           2012      441216        3.42      12500422        96.80  
           2013      413149        3.20      12913571       100.00  
                                 The SAS System                               11
                                                   10:55 Monday, August 18, 2014

                               datadate_
             Obs    gvkey_i        i        gvkey_j    acctcomp    year

               1    001020     19811231     001856      -4.764     1981
               2    001020     19811231     002418      -0.822     1981
               3    001020     19811231     002893      -3.141     1981
               4    001020     19811231     003532      -1.189     1981
               5    001020     19811231     004802      -2.230     1981
               6    001020     19811231     005871      -1.168     1981
               7    001020     19811231     006796      -1.279     1981
               8    001020     19811231     007007      -0.857     1981
               9    001020     19811231     007555      -1.147     1981
              10    001020     19811231     007739      -0.626     1981
              11    001020     19811231     008004      -0.882     1981
              12    001020     19811231     008214      -1.646     1981
              13    001020     19811231     008215      -1.718     1981
              14    001020     19811231     008816      -3.611     1981
              15    001020     19811231     008964      -2.571     1981
              16    001020     19811231     009837      -1.352     1981
              17    001020     19811231     010816      -1.761     1981
              18    001072     19811231     001161      -0.632     1981
              19    001072     19811231     001278      -6.545     1981
              20    001072     19811231     001327      -1.303     1981

*** FIRM-YEAR DATASET ***

                              The MEANS Procedure

Variable          Label                                        N            Mean
--------------------------------------------------------------------------------
datadate          Data Date                                85129        14566.36
m4_acctcomp       the mean, acctcomp                       85129      -0.6974536
m10_acctcomp      the mean, acctcomp                       85129      -0.9862234
n_acctcomp        number of nonmissing values, acctcomp    85129     151.6941465
ind_acctcomp      the mean, acctcomp                       85129      -3.1853163
indmd_acctcomp    the median, acctcomp                     85129      -2.5400581
year                                                       85129         1998.99
--------------------------------------------------------------------------------

    Variable          Label                                          Median
    -----------------------------------------------------------------------
    datadate          Data Date                                    14700.00
    m4_acctcomp       the mean, acctcomp                         -0.2600000
    m10_acctcomp      the mean, acctcomp                         -0.4100000
    n_acctcomp        number of nonmissing values, acctcomp     133.0000000
    ind_acctcomp      the mean, acctcomp                         -2.5300000
    indmd_acctcomp    the median, acctcomp                       -1.6000000
    year                                                            2000.00
    -----------------------------------------------------------------------
                                 The SAS System                               13
                                                   10:55 Monday, August 18, 2014

                               The FREQ Procedure

                                            Cumulative    Cumulative
           year    Frequency     Percent     Frequency      Percent
           ---------------------------------------------------------
           1981         951        1.12           951         1.12  
           1982         976        1.15          1927         2.26  
           1983        1012        1.19          2939         3.45  
           1984        1356        1.59          4295         5.05  
           1985        1709        2.01          6004         7.05  
           1986        1867        2.19          7871         9.25  
           1987        2145        2.52         10016        11.77  
           1988        2167        2.55         12183        14.31  
           1989        2210        2.60         14393        16.91  
           1990        2392        2.81         16785        19.72  
           1991        2480        2.91         19265        22.63  
           1992        2495        2.93         21760        25.56  
           1993        2562        3.01         24322        28.57  
           1994        2589        3.04         26911        31.61  
           1995        2766        3.25         29677        34.86  
           1996        2961        3.48         32638        38.34  
           1997        3327        3.91         35965        42.25  
           1998        3282        3.86         39247        46.10  
           1999        3306        3.88         42553        49.99  
           2000        3273        3.84         45826        53.83  
           2001        3279        3.85         49105        57.68  
           2002        3253        3.82         52358        61.50  
           2003        3391        3.98         55749        65.49  
           2004        3386        3.98         59135        69.47  
           2005        3236        3.80         62371        73.27  
           2006        3055        3.59         65426        76.86  
           2007        2921        3.43         68347        80.29  
           2008        2843        3.34         71190        83.63  
           2009        2884        3.39         74074        87.01  
           2010        2866        3.37         76940        90.38  
           2011        2814        3.31         79754        93.69  
           2012        2728        3.20         82482        96.89  
           2013        2647        3.11         85129       100.00  
                                 The SAS System                               14
                                                   10:55 Monday, August 18, 2014

                                      m10_                ind_    indmd_
    Obs gvkey  datadate m4_acctcomp acctcomp n_acctcomp acctcomp acctcomp year

      1 001011 19861231    -1.06      -1.71      33       -3.27    -2.98  1986
      2 001011 19871231    -0.94      -1.42      46       -3.38    -3.58  1987
      3 001011 19881231    -0.87      -1.21      43       -2.47    -2.37  1988
      4 001011 19891231    -1.40      -1.84      45       -3.05    -2.88  1989
      5 001011 19901231    -1.56      -1.96      53       -3.56    -3.43  1990
